// Jest Snapshot v1, https://goo.gl/fbAQLP

exports[`simulator Simulator renders correctly Simulator renders correctly 1`] = `
<Simulator>
  <div>
    <h1
      className="simulator__title"
    >
      Pacman
    </h1>
    <div
      className="simulator__content"
    >
      <div
        className="simulator__control"
      >
        <InputArea
          handleChange={[Function]}
          inputCommand=""
          onInputSubmit={[Function]}
        >
          <form
            className="input-area"
            onSubmit={[Function]}
          >
            <input
              onChange={[Function]}
              placeholder="Please enter command"
              value=""
            />
          </form>
        </InputArea>
        <button
          onClick={[Function]}
        >
          RESET
        </button>
      </div>
      <div
        className="simulator__map"
      >
        <PacmanMap
          direction=""
          gridNumber={5}
          position={
            Object {
              "x": -1,
              "y": -1,
            }
          }
        >
          <div>
            <p>
              Grid Number: 
              5
            </p>
            <div
              className="pacman-map"
            >
              <div
                className="pacman-map__cell"
                key="0"
              >
                (0, 0)
              </div>
              <div
                className="pacman-map__cell"
                key="1"
              >
                (1, 0)
              </div>
              <div
                className="pacman-map__cell"
                key="2"
              >
                (2, 0)
              </div>
              <div
                className="pacman-map__cell"
                key="3"
              >
                (3, 0)
              </div>
              <div
                className="pacman-map__cell"
                key="4"
              >
                (4, 0)
              </div>
              <div
                className="pacman-map__cell"
                key="5"
              >
                (0, 1)
              </div>
              <div
                className="pacman-map__cell"
                key="6"
              >
                (1, 1)
              </div>
              <div
                className="pacman-map__cell"
                key="7"
              >
                (2, 1)
              </div>
              <div
                className="pacman-map__cell"
                key="8"
              >
                (3, 1)
              </div>
              <div
                className="pacman-map__cell"
                key="9"
              >
                (4, 1)
              </div>
              <div
                className="pacman-map__cell"
                key="10"
              >
                (0, 2)
              </div>
              <div
                className="pacman-map__cell"
                key="11"
              >
                (1, 2)
              </div>
              <div
                className="pacman-map__cell"
                key="12"
              >
                (2, 2)
              </div>
              <div
                className="pacman-map__cell"
                key="13"
              >
                (3, 2)
              </div>
              <div
                className="pacman-map__cell"
                key="14"
              >
                (4, 2)
              </div>
              <div
                className="pacman-map__cell"
                key="15"
              >
                (0, 3)
              </div>
              <div
                className="pacman-map__cell"
                key="16"
              >
                (1, 3)
              </div>
              <div
                className="pacman-map__cell"
                key="17"
              >
                (2, 3)
              </div>
              <div
                className="pacman-map__cell"
                key="18"
              >
                (3, 3)
              </div>
              <div
                className="pacman-map__cell"
                key="19"
              >
                (4, 3)
              </div>
              <div
                className="pacman-map__cell"
                key="20"
              >
                (0, 4)
              </div>
              <div
                className="pacman-map__cell"
                key="21"
              >
                (1, 4)
              </div>
              <div
                className="pacman-map__cell"
                key="22"
              >
                (2, 4)
              </div>
              <div
                className="pacman-map__cell"
                key="23"
              >
                (3, 4)
              </div>
              <div
                className="pacman-map__cell"
                key="24"
              >
                (4, 4)
              </div>
            </div>
          </div>
        </PacmanMap>
      </div>
    </div>
  </div>
</Simulator>
`;

exports[`simulator Simulator renders correctly Simulator renders correctly 2`] = `
<Simulator>
  <div>
    <h1
      className="simulator__title"
    >
      Pacman
    </h1>
    <div
      className="simulator__content"
    >
      <div
        className="simulator__control"
      >
        <InputArea
          handleChange={[Function]}
          inputCommand=""
          onInputSubmit={[Function]}
        >
          <form
            className="input-area"
            onSubmit={[Function]}
          >
            <input
              onChange={[Function]}
              placeholder="Please enter command"
              value=""
            />
          </form>
        </InputArea>
        <button
          onClick={[Function]}
        >
          RESET
        </button>
      </div>
      <div
        className="simulator__map"
      >
        <PacmanMap
          direction=""
          gridNumber={5}
          position={
            Object {
              "x": -1,
              "y": -1,
            }
          }
        >
          <div>
            <p>
              Grid Number: 
              5
            </p>
            <div
              className="pacman-map"
            >
              <div
                className="pacman-map__cell"
                key="0"
              >
                (0, 0)
              </div>
              <div
                className="pacman-map__cell"
                key="1"
              >
                (1, 0)
              </div>
              <div
                className="pacman-map__cell"
                key="2"
              >
                (2, 0)
              </div>
              <div
                className="pacman-map__cell"
                key="3"
              >
                (3, 0)
              </div>
              <div
                className="pacman-map__cell"
                key="4"
              >
                (4, 0)
              </div>
              <div
                className="pacman-map__cell"
                key="5"
              >
                (0, 1)
              </div>
              <div
                className="pacman-map__cell"
                key="6"
              >
                (1, 1)
              </div>
              <div
                className="pacman-map__cell"
                key="7"
              >
                (2, 1)
              </div>
              <div
                className="pacman-map__cell"
                key="8"
              >
                (3, 1)
              </div>
              <div
                className="pacman-map__cell"
                key="9"
              >
                (4, 1)
              </div>
              <div
                className="pacman-map__cell"
                key="10"
              >
                (0, 2)
              </div>
              <div
                className="pacman-map__cell"
                key="11"
              >
                (1, 2)
              </div>
              <div
                className="pacman-map__cell"
                key="12"
              >
                (2, 2)
              </div>
              <div
                className="pacman-map__cell"
                key="13"
              >
                (3, 2)
              </div>
              <div
                className="pacman-map__cell"
                key="14"
              >
                (4, 2)
              </div>
              <div
                className="pacman-map__cell"
                key="15"
              >
                (0, 3)
              </div>
              <div
                className="pacman-map__cell"
                key="16"
              >
                (1, 3)
              </div>
              <div
                className="pacman-map__cell"
                key="17"
              >
                (2, 3)
              </div>
              <div
                className="pacman-map__cell"
                key="18"
              >
                (3, 3)
              </div>
              <div
                className="pacman-map__cell"
                key="19"
              >
                (4, 3)
              </div>
              <div
                className="pacman-map__cell"
                key="20"
              >
                (0, 4)
              </div>
              <div
                className="pacman-map__cell"
                key="21"
              >
                (1, 4)
              </div>
              <div
                className="pacman-map__cell"
                key="22"
              >
                (2, 4)
              </div>
              <div
                className="pacman-map__cell"
                key="23"
              >
                (3, 4)
              </div>
              <div
                className="pacman-map__cell"
                key="24"
              >
                (4, 4)
              </div>
            </div>
          </div>
        </PacmanMap>
      </div>
    </div>
  </div>
</Simulator>
`;
